Archive member included to satisfy reference by file (symbol)

C:/ST/STM32CubeIDE_1.18.0/STM32CubeIDE/plugins/com.st.stm32cube.ide.mcu.externaltools.gnu-tools-for-stm32.13.3.rel1.win32_1.0.0.202411081344/tools/bin/../lib/gcc/arm-none-eabi/13.3.1/../../../../arm-none-eabi/lib/thumb/v7e-m+fp/hard\libc_nano.a(libc_a-exit.o)
                              C:/ST/STM32CubeIDE_1.18.0/STM32CubeIDE/plugins/com.st.stm32cube.ide.mcu.externaltools.gnu-tools-for-stm32.13.3.rel1.win32_1.0.0.202411081344/tools/bin/../lib/gcc/arm-none-eabi/13.3.1/../../../../arm-none-eabi/lib/thumb/v7e-m+fp/hard/crt0.o (exit)
C:/ST/STM32CubeIDE_1.18.0/STM32CubeIDE/plugins/com.st.stm32cube.ide.mcu.externaltools.gnu-tools-for-stm32.13.3.rel1.win32_1.0.0.202411081344/tools/bin/../lib/gcc/arm-none-eabi/13.3.1/../../../../arm-none-eabi/lib/thumb/v7e-m+fp/hard\libc_nano.a(libc_a-findfp.o)
                              C:/ST/STM32CubeIDE_1.18.0/STM32CubeIDE/plugins/com.st.stm32cube.ide.mcu.externaltools.gnu-tools-for-stm32.13.3.rel1.win32_1.0.0.202411081344/tools/bin/../lib/gcc/arm-none-eabi/13.3.1/../../../../arm-none-eabi/lib/thumb/v7e-m+fp/hard\libc_nano.a(libc_a-exit.o) (__stdio_exit_handler)
C:/ST/STM32CubeIDE_1.18.0/STM32CubeIDE/plugins/com.st.stm32cube.ide.mcu.externaltools.gnu-tools-for-stm32.13.3.rel1.win32_1.0.0.202411081344/tools/bin/../lib/gcc/arm-none-eabi/13.3.1/../../../../arm-none-eabi/lib/thumb/v7e-m+fp/hard\libc_nano.a(libc_a-fwalk.o)
                              C:/ST/STM32CubeIDE_1.18.0/STM32CubeIDE/plugins/com.st.stm32cube.ide.mcu.externaltools.gnu-tools-for-stm32.13.3.rel1.win32_1.0.0.202411081344/tools/bin/../lib/gcc/arm-none-eabi/13.3.1/../../../../arm-none-eabi/lib/thumb/v7e-m+fp/hard\libc_nano.a(libc_a-findfp.o) (_fwalk_sglue)
C:/ST/STM32CubeIDE_1.18.0/STM32CubeIDE/plugins/com.st.stm32cube.ide.mcu.externaltools.gnu-tools-for-stm32.13.3.rel1.win32_1.0.0.202411081344/tools/bin/../lib/gcc/arm-none-eabi/13.3.1/../../../../arm-none-eabi/lib/thumb/v7e-m+fp/hard\libc_nano.a(libc_a-stdio.o)
                              C:/ST/STM32CubeIDE_1.18.0/STM32CubeIDE/plugins/com.st.stm32cube.ide.mcu.externaltools.gnu-tools-for-stm32.13.3.rel1.win32_1.0.0.202411081344/tools/bin/../lib/gcc/arm-none-eabi/13.3.1/../../../../arm-none-eabi/lib/thumb/v7e-m+fp/hard\libc_nano.a(libc_a-findfp.o) (__sread)
C:/ST/STM32CubeIDE_1.18.0/STM32CubeIDE/plugins/com.st.stm32cube.ide.mcu.externaltools.gnu-tools-for-stm32.13.3.rel1.win32_1.0.0.202411081344/tools/bin/../lib/gcc/arm-none-eabi/13.3.1/../../../../arm-none-eabi/lib/thumb/v7e-m+fp/hard\libc_nano.a(libc_a-memset.o)
                              C:/ST/STM32CubeIDE_1.18.0/STM32CubeIDE/plugins/com.st.stm32cube.ide.mcu.externaltools.gnu-tools-for-stm32.13.3.rel1.win32_1.0.0.202411081344/tools/bin/../lib/gcc/arm-none-eabi/13.3.1/../../../../arm-none-eabi/lib/thumb/v7e-m+fp/hard/crt0.o (memset)
C:/ST/STM32CubeIDE_1.18.0/STM32CubeIDE/plugins/com.st.stm32cube.ide.mcu.externaltools.gnu-tools-for-stm32.13.3.rel1.win32_1.0.0.202411081344/tools/bin/../lib/gcc/arm-none-eabi/13.3.1/../../../../arm-none-eabi/lib/thumb/v7e-m+fp/hard\libc_nano.a(libc_a-closer.o)
                              C:/ST/STM32CubeIDE_1.18.0/STM32CubeIDE/plugins/com.st.stm32cube.ide.mcu.externaltools.gnu-tools-for-stm32.13.3.rel1.win32_1.0.0.202411081344/tools/bin/../lib/gcc/arm-none-eabi/13.3.1/../../../../arm-none-eabi/lib/thumb/v7e-m+fp/hard\libc_nano.a(libc_a-stdio.o) (_close_r)
C:/ST/STM32CubeIDE_1.18.0/STM32CubeIDE/plugins/com.st.stm32cube.ide.mcu.externaltools.gnu-tools-for-stm32.13.3.rel1.win32_1.0.0.202411081344/tools/bin/../lib/gcc/arm-none-eabi/13.3.1/../../../../arm-none-eabi/lib/thumb/v7e-m+fp/hard\libc_nano.a(libc_a-reent.o)
                              C:/ST/STM32CubeIDE_1.18.0/STM32CubeIDE/plugins/com.st.stm32cube.ide.mcu.externaltools.gnu-tools-for-stm32.13.3.rel1.win32_1.0.0.202411081344/tools/bin/../lib/gcc/arm-none-eabi/13.3.1/../../../../arm-none-eabi/lib/thumb/v7e-m+fp/hard\libc_nano.a(libc_a-closer.o) (errno)
C:/ST/STM32CubeIDE_1.18.0/STM32CubeIDE/plugins/com.st.stm32cube.ide.mcu.externaltools.gnu-tools-for-stm32.13.3.rel1.win32_1.0.0.202411081344/tools/bin/../lib/gcc/arm-none-eabi/13.3.1/../../../../arm-none-eabi/lib/thumb/v7e-m+fp/hard\libc_nano.a(libc_a-impure.o)
                              C:/ST/STM32CubeIDE_1.18.0/STM32CubeIDE/plugins/com.st.stm32cube.ide.mcu.externaltools.gnu-tools-for-stm32.13.3.rel1.win32_1.0.0.202411081344/tools/bin/../lib/gcc/arm-none-eabi/13.3.1/../../../../arm-none-eabi/lib/thumb/v7e-m+fp/hard\libc_nano.a(libc_a-reent.o) (_impure_ptr)
C:/ST/STM32CubeIDE_1.18.0/STM32CubeIDE/plugins/com.st.stm32cube.ide.mcu.externaltools.gnu-tools-for-stm32.13.3.rel1.win32_1.0.0.202411081344/tools/bin/../lib/gcc/arm-none-eabi/13.3.1/../../../../arm-none-eabi/lib/thumb/v7e-m+fp/hard\libc_nano.a(libc_a-lseekr.o)
[...]
Memory Configuration

Name             Origin             Length             Attributes
FLASH            0x08100000         0x00100000         xr
RAM              0x10000000         0x00048000         xrw
*default*        0x00000000         0xffffffff

Linker script and memory map

LOAD C:/ST/STM32CubeIDE_1.18.0/STM32CubeIDE/plugins/com.st.stm32cube.ide.mcu.externaltools.gnu-tools-for-stm32.13.3.rel1.win32_1.0.0.202411081344/tools/bin/../lib/gcc/arm-none-eabi/13.3.1/thumb/v7e-m+fp/hard/crti.o
LOAD C:/ST/STM32CubeIDE_1.18.0/STM32CubeIDE/plugins/com.st.stm32cube.ide.mcu.externaltools.gnu-tools-for-stm32.13.3.rel1.win32_1.0.0.202411081344/tools/bin/../lib/gcc/arm-none-eabi/13.3.1/thumb/v7e-m+fp/hard/crtbegin.o
LOAD C:/ST/STM32CubeIDE_1.18.0/STM32CubeIDE/plugins/com.st.stm32cube.ide.mcu.externaltools.gnu-tools-for-stm32.13.3.rel1.win32_1.0.0.202411081344/tools/bin/../lib/gcc/arm-none-eabi/13.3.1/../../../../arm-none-eabi/lib/thumb/v7e-m+fp/hard/crt0.o
LOAD ./Application/User/Core/main.o
LOAD ./Application/User/Core/stm32h7xx_hal_msp.o
LOAD ./Application/User/Core/stm32h7xx_it.o
LOAD ./Application/User/Core/syscalls.o
LOAD ./Application/User/Core/sysmem.o
LOAD ./Application/User/Startup/startup_stm32h755zitx.o
LOAD ./Drivers/BSP/STM32H7xx_Nucleo/stm32h7xx_nucleo.o
LOAD ./Drivers/CMSIS/system_stm32h7xx_dualcore_boot_cm4_cm7.o
LOAD ./Drivers/STM32H7xx_HAL_Driver/stm32h7xx_hal.o
LOAD ./Drivers/STM32H7xx_HAL_Driver/stm32h7xx_hal_cortex.o
LOAD ./Drivers/STM32H7xx_HAL_Driver/stm32h7xx_hal_dma.o
LOAD ./Drivers/STM32H7xx_HAL_Driver/stm32h7xx_hal_dma_ex.o
LOAD ./Drivers/STM32H7xx_HAL_Driver/stm32h7xx_hal_exti.o
LOAD ./Drivers/STM32H7xx_HAL_Driver/stm32h7xx_hal_flash.o
LOAD ./Drivers/STM32H7xx_HAL_Driver/stm32h7xx_hal_flash_ex.o
LOAD ./Drivers/STM32H7xx_HAL_Driver/stm32h7xx_hal_gpio.o
LOAD ./Drivers/STM32H7xx_HAL_Driver/stm32h7xx_hal_hsem.o
LOAD ./Drivers/STM32H7xx_HAL_Driver/stm32h7xx_hal_i2c.o
LOAD ./Drivers/STM32H7xx_HAL_Driver/stm32h7xx_hal_i2c_ex.o
LOAD ./Drivers/STM32H7xx_HAL_Driver/stm32h7xx_hal_mdma.o
LOAD ./Drivers/STM32H7xx_HAL_Driver/stm32h7xx_hal_pwr.o
LOAD ./Drivers/STM32H7xx_HAL_Driver/stm32h7xx_hal_pwr_ex.o
LOAD ./Drivers/STM32H7xx_HAL_Driver/stm32h7xx_hal_rcc.o
LOAD ./Drivers/STM32H7xx_HAL_Driver/stm32h7xx_hal_rcc_ex.o
LOAD ./Drivers/STM32H7xx_HAL_Driver/stm32h7xx_hal_uart.o
LOAD ./Drivers/STM32H7xx_HAL_Driver/stm32h7xx_hal_uart_ex.o
LOAD ./Drivers/STM32H7xx_HAL_Driver/stm32h7xx_hal_usart.o
LOAD ./Drivers/STM32H7xx_HAL_Driver/stm32h7xx_hal_usart_ex.o
START GROUP
LOAD C:/ST/STM32CubeIDE_1.18.0/STM32CubeIDE/plugins/com.st.stm32cube.ide.mcu.externaltools.gnu-tools-for-stm32.13.3.rel1.win32_1.0.0.202411081344/tools/bin/../lib/gcc/arm-none-eabi/13.3.1/../../../../arm-none-eabi/lib/thumb/v7e-m+fp/hard\libc_nano.a
LOAD C:/ST/STM32CubeIDE_1.18.0/STM32CubeIDE/plugins/com.st.stm32cube.ide.mcu.externaltools.gnu-tools-for-stm32.13.3.rel1.win32_1.0.0.202411081344/tools/bin/../lib/gcc/arm-none-eabi/13.3.1/../../../../arm-none-eabi/lib/thumb/v7e-m+fp/hard\libm.a
END GROUP
START GROUP
LOAD C:/ST/STM32CubeIDE_1.18.0/STM32CubeIDE/plugins/com.st.stm32cube.ide.mcu.externaltools.gnu-tools-for-stm32.13.3.rel1.win32_1.0.0.202411081344/tools/bin/../lib/gcc/arm-none-eabi/13.3.1/thumb/v7e-m+fp/hard\libgcc.a
LOAD C:/ST/STM32CubeIDE_1.18.0/STM32CubeIDE/plugins/com.st.stm32cube.ide.mcu.externaltools.gnu-tools-for-stm32.13.3.rel1.win32_1.0.0.202411081344/tools/bin/../lib/gcc/arm-none-eabi/13.3.1/../../../../arm-none-eabi/lib/thumb/v7e-m+fp/hard\libc_nano.a
END GROUP
START GROUP
LOAD C:/ST/STM32CubeIDE_1.18.0/STM32CubeIDE/plugins/com.st.stm32cube.ide.mcu.externaltools.gnu-tools-for-stm32.13.3.rel1.win32_1.0.0.202411081344/tools/bin/../lib/gcc/arm-none-eabi/13.3.1/thumb/v7e-m+fp/hard\libgcc.a
LOAD C:/ST/STM32CubeIDE_1.18.0/STM32CubeIDE/plugins/com.st.stm32cube.ide.mcu.externaltools.gnu-tools-for-stm32.13.3.rel1.win32_1.0.0.202411081344/tools/bin/../lib/gcc/arm-none-eabi/13.3.1/../../../../arm-none-eabi/lib/thumb/v7e-m+fp/hard\libc_nano.a
LOAD C:/ST/STM32CubeIDE_1.18.0/STM32CubeIDE/plugins/com.st.stm32cube.ide.mcu.externaltools.gnu-tools-for-stm32.13.3.rel1.win32_1.0.0.202411081344/tools/bin/../lib/gcc/arm-none-eabi/13.3.1/../../../../arm-none-eabi/lib/thumb/v7e-m+fp/hard\libnosys.a
END GROUP
START GROUP
LOAD C:/ST/STM32CubeIDE_1.18.0/STM32CubeIDE/plugins/com.st.stm32cube.ide.mcu.externaltools.gnu-tools-for-stm32.13.3.rel1.win32_1.0.0.202411081344/tools/bin/../lib/gcc/arm-none-eabi/13.3.1/thumb/v7e-m+fp/hard\libgcc.a
LOAD C:/ST/STM32CubeIDE_1.18.0/STM32CubeIDE/plugins/com.st.stm32cube.ide.mcu.externaltools.gnu-tools-for-stm32.13.3.rel1.win32_1.0.0.202411081344/tools/bin/../lib/gcc/arm-none-eabi/13.3.1/../../../../arm-none-eabi/lib/thumb/v7e-m+fp/hard\libc_nano.a
LOAD C:/ST/STM32CubeIDE_1.18.0/STM32CubeIDE/plugins/com.st.stm32cube.ide.mcu.externaltools.gnu-tools-for-stm32.13.3.rel1.win32_1.0.0.202411081344/tools/bin/../lib/gcc/arm-none-eabi/13.3.1/../../../../arm-none-eabi/lib/thumb/v7e-m+fp/hard\libnosys.a
END GROUP
LOAD C:/ST/STM32CubeIDE_1.18.0/STM32CubeIDE/plugins/com.st.stm32cube.ide.mcu.externaltools.gnu-tools-for-stm32.13.3.rel1.win32_1.0.0.202411081344/tools/bin/../lib/gcc/arm-none-eabi/13.3.1/thumb/v7e-m+fp/hard/crtend.o
LOAD C:/ST/STM32CubeIDE_1.18.0/STM32CubeIDE/plugins/com.st.stm32cube.ide.mcu.externaltools.gnu-tools-for-stm32.13.3.rel1.win32_1.0.0.202411081344/tools/bin/../lib/gcc/arm-none-eabi/13.3.1/thumb/v7e-m+fp/hard/crtn.o
                0x10048000                        _estack = (ORIGIN (RAM) + LENGTH (RAM))
                0x00000200                        _Min_Heap_Size = 0x200
                0x00000400                        _Min_Stack_Size = 0x400

.isr_vector     0x08100000      0x298
                0x08100000                        . = ALIGN (0x4)
 *(.isr_vector)
 .isr_vector    0x08100000      0x298 ./Application/User/Startup/startup_stm32h755zitx.o
                0x08100000                g_pfnVectors
                0x08100298                        . = ALIGN (0x4)

.text           0x08100298      0xa70
                0x08100298                        . = ALIGN (0x4)
 *(.text)
 .text          0x08100298       0x40 C:/ST/STM32CubeIDE_1.18.0/STM32CubeIDE/plugins/com.st.stm32cube.ide.mcu.externaltools.gnu-tools-for-stm32.13.3.rel1.win32_1.0.0.202411081344/tools/bin/../lib/gcc/arm-none-eabi/13.3.1/thumb/v7e-m+fp/hard/crtbegin.o
 *(.text*)
 .text.main     0x081002d8       0x8c ./Application/User/Core/main.o
                0x081002d8                main
 .text.HAL_MspInit
                0x08100364       0x34 ./Application/User/Core/stm32h7xx_hal_msp.o
                0x08100364                HAL_MspInit
 .text.NMI_Handler
                0x08100398        0x8 ./Application/User/Core/stm32h7xx_it.o
                0x08100398                NMI_Handler
 .text.HardFault_Handler
                0x081003a0        0x8 ./Application/User/Core/stm32h7xx_it.o
                0x081003a0                HardFault_Handler
 .text.MemManage_Handler
                0x081003a8        0x8 ./Application/User/Core/stm32h7xx_it.o
                0x081003a8                MemManage_Handler
 .text.BusFault_Handler
                0x081003b0        0x8 ./Application/User/Core/stm32h7xx_it.o
                0x081003b0                BusFault_Handler
 .text.UsageFault_Handler
                0x081003b8        0x8 ./Application/User/Core/stm32h7xx_it.o
                0x081003b8                UsageFault_Handler
 .text.SVC_Handler
                0x081003c0        0xe ./Application/User/Core/stm32h7xx_it.o
                0x081003c0                SVC_Handler
 .text.DebugMon_Handler
                0x081003ce        0xe ./Application/User/Core/stm32h7xx_it.o
                0x081003ce                DebugMon_Handler
 .text.PendSV_Handler
                0x081003dc        0xe ./Application/User/Core/stm32h7xx_it.o
                0x081003dc                PendSV_Handler
 .text.SysTick_Handler
                0x081003ea        0xc ./Application/User/Core/stm32h7xx_it.o
                0x081003ea                SysTick_Handler
 *fill*         0x081003f6        0x2 
 .text.Reset_Handler
                0x081003f8       0x54 ./Application/User/Startup/startup_stm32h755zitx.o
                0x081003f8                Reset_Handler
 .text.Default_Handler
                0x0810044c        0x2 ./Application/User/Startup/startup_stm32h755zitx.o
                0x0810044c                RTC_Alarm_IRQHandler
                0x0810044c                HASH_RNG_IRQHandler
                0x0810044c                EXTI2_IRQHandler
                0x0810044c                TIM8_CC_IRQHandler
                0x0810044c                HRTIM1_Master_IRQHandler
                0x0810044c                UART8_IRQHandler
                0x0810044c                SPI4_IRQHandler
                0x0810044c                TIM1_CC_IRQHandler
                0x0810044c                BDMA_Channel6_IRQHandler
                0x0810044c                DMA2_Stream5_IRQHandler
                0x0810044c                HRTIM1_FLT_IRQHandler
                0x0810044c                JPEG_IRQHandler
                0x0810044c                DMA1_Stream5_IRQHandler
                0x0810044c                BDMA_Channel1_IRQHandler
                0x0810044c                HRTIM1_TIMD_IRQHandler
                0x0810044c                TAMP_STAMP_IRQHandler
                0x0810044c                EXTI3_IRQHandler
                0x0810044c                LPTIM4_IRQHandler
                0x0810044c                TIM8_TRG_COM_TIM14_IRQHandler
                0x0810044c                LPTIM2_IRQHandler
                0x0810044c                DFSDM1_FLT1_IRQHandler
                0x0810044c                DMAMUX2_OVR_IRQHandler
                0x0810044c                TIM8_UP_TIM13_IRQHandler
                0x0810044c                I2C3_ER_IRQHandler
                0x0810044c                DFSDM1_FLT2_IRQHandler
                0x0810044c                MDMA_IRQHandler
                0x0810044c                LPTIM3_IRQHandler
                0x0810044c                HSEM1_IRQHandler
                0x0810044c                EXTI0_IRQHandler
                0x0810044c                I2C2_EV_IRQHandler
                0x0810044c                DMA1_Stream2_IRQHandler
                0x0810044c                FPU_IRQHandler
                0x0810044c                OTG_HS_WKUP_IRQHandler
                0x0810044c                FDCAN1_IT1_IRQHandler
                0x0810044c                LTDC_ER_IRQHandler
                0x0810044c                DMA2_Stream2_IRQHandler
                0x0810044c                HRTIM1_TIME_IRQHandler
                0x0810044c                SPI1_IRQHandler
                0x0810044c                TIM6_DAC_IRQHandler
                0x0810044c                DCMI_IRQHandler
                0x0810044c                HRTIM1_TIMC_IRQHandler
                0x0810044c                DMA2_Stream3_IRQHandler
                0x0810044c                SAI2_IRQHandler
                0x0810044c                DFSDM1_FLT3_IRQHandler
                0x0810044c                USART6_IRQHandler
                0x0810044c                TIM17_IRQHandler
                0x0810044c                USART3_IRQHandler
                0x0810044c                BDMA_Channel7_IRQHandler
                0x0810044c                CRYP_IRQHandler
                0x0810044c                LPTIM5_IRQHandler
                0x0810044c                UART5_IRQHandler
                0x0810044c                ADC3_IRQHandler
                0x0810044c                DMA2_Stream0_IRQHandler
                0x0810044c                TIM4_IRQHandler
                0x0810044c                BDMA_Channel2_IRQHandler
                0x0810044c                QUADSPI_IRQHandler
                0x0810044c                I2C1_EV_IRQHandler
                0x0810044c                DMA1_Stream6_IRQHandler
                0x0810044c                DMAMUX1_OVR_IRQHandler
                0x0810044c                DMA1_Stream1_IRQHandler
                0x0810044c                TIM16_IRQHandler
                0x0810044c                UART4_IRQHandler
                0x0810044c                BDMA_Channel5_IRQHandler
                0x0810044c                TIM3_IRQHandler
                0x0810044c                RCC_IRQHandler
                0x0810044c                TIM8_BRK_TIM12_IRQHandler
                0x0810044c                TIM1_TRG_COM_IRQHandler
                0x0810044c                Default_Handler
                0x0810044c                ECC_IRQHandler
                0x0810044c                CEC_IRQHandler
                0x0810044c                EXTI15_10_IRQHandler
                0x0810044c                BDMA_Channel0_IRQHandler
                0x0810044c                ADC_IRQHandler
                0x0810044c                DMA1_Stream7_IRQHandler
                0x0810044c                HRTIM1_TIMA_IRQHandler
                0x0810044c                SPI5_IRQHandler
                0x0810044c                TIM7_IRQHandler
                0x0810044c                SDMMC1_IRQHandler
                0x0810044c                TIM5_IRQHandler
                0x0810044c                DMA2_Stream7_IRQHandler
                0x0810044c                TIM15_IRQHandler
                0x0810044c                PVD_AVD_IRQHandler
                0x0810044c                I2C3_EV_IRQHandler
                0x0810044c                EXTI9_5_IRQHandler
                0x0810044c                RTC_WKUP_IRQHandler
                0x0810044c                LTDC_IRQHandler
                0x0810044c                SAI3_IRQHandler
                0x0810044c                ETH_WKUP_IRQHandler
                0x0810044c                SPDIF_RX_IRQHandler
                0x0810044c                SPI2_IRQHandler
                0x0810044c                OTG_HS_EP1_IN_IRQHandler
                0x0810044c                DMA1_Stream0_IRQHandler
                0x0810044c                CRS_IRQHandler
                0x0810044c                CM7_SEV_IRQHandler
                0x0810044c                EXTI4_IRQHandler
                0x0810044c                CM4_SEV_IRQHandler
                0x0810044c                HRTIM1_TIMB_IRQHandler
                0x0810044c                FDCAN2_IT1_IRQHandler
                0x0810044c                ETH_IRQHandler
                0x0810044c                TIM1_UP_IRQHandler
                0x0810044c                WWDG_RST_IRQHandler
                0x0810044c                BDMA_Channel4_IRQHandler
                0x0810044c                OTG_HS_EP1_OUT_IRQHandler
                0x0810044c                WWDG_IRQHandler
                0x0810044c                SPI6_IRQHandler
                0x0810044c                MDIOS_IRQHandler
                0x0810044c                I2C4_EV_IRQHandler
                0x0810044c                FDCAN2_IT0_IRQHandler
                0x0810044c                LPUART1_IRQHandler
                0x0810044c                FDCAN1_IT0_IRQHandler
                0x0810044c                TIM2_IRQHandler
                0x0810044c                OTG_FS_WKUP_IRQHandler
                0x0810044c                OTG_HS_IRQHandler
                0x0810044c                HSEM2_IRQHandler
                0x0810044c                DMA2D_IRQHandler
                0x0810044c                TIM1_BRK_IRQHandler
                0x0810044c                EXTI1_IRQHandler
                0x0810044c                SDMMC2_IRQHandler
                0x0810044c                OTG_FS_EP1_OUT_IRQHandler
                0x0810044c                BDMA_Channel3_IRQHandler
                0x0810044c                HOLD_CORE_IRQHandler
                0x0810044c                UART7_IRQHandler
                0x0810044c                MDIOS_WKUP_IRQHandler
                0x0810044c                USART2_IRQHandler
                0x0810044c                DFSDM1_FLT0_IRQHandler
                0x0810044c                SAI4_IRQHandler
                0x0810044c                I2C2_ER_IRQHandler
                0x0810044c                DMA2_Stream1_IRQHandler
                0x0810044c                FLASH_IRQHandler
                0x0810044c                DMA2_Stream4_IRQHandler
                0x0810044c                USART1_IRQHandler
                0x0810044c                OTG_FS_IRQHandler
                0x0810044c                SPI3_IRQHandler
                0x0810044c                WAKEUP_PIN_IRQHandler
                0x0810044c                DMA1_Stream4_IRQHandler
                0x0810044c                OTG_FS_EP1_IN_IRQHandler
                0x0810044c                I2C1_ER_IRQHandler
                0x0810044c                FMC_IRQHandler
                0x0810044c                FDCAN_CAL_IRQHandler
                0x0810044c                SWPMI1_IRQHandler
                0x0810044c                COMP1_IRQHandler
                0x0810044c                LPTIM1_IRQHandler
                0x0810044c                I2C4_ER_IRQHandler
                0x0810044c                DMA2_Stream6_IRQHandler
                0x0810044c                SAI1_IRQHandler
                0x0810044c                DMA1_Stream3_IRQHandler
 *fill*         0x0810044e        0x2 
 .text.SystemInit
                0x08100450       0x30 ./Drivers/CMSIS/system_stm32h7xx_dualcore_boot_cm4_cm7.o
                0x08100450                SystemInit
 .text.ExitRun0Mode
                0x08100480       0x30 ./Drivers/CMSIS/system_stm32h7xx_dualcore_boot_cm4_cm7.o
                0x08100480                ExitRun0Mode
 .text.HAL_Init
                0x081004b0       0xbc ./Drivers/STM32H7xx_HAL_Driver/stm32h7xx_hal.o
                0x081004b0                HAL_Init
 .text.HAL_InitTick
                0x0810056c       0x6c ./Drivers/STM32H7xx_HAL_Driver/stm32h7xx_hal.o
                0x0810056c                HAL_InitTick
 .text.HAL_IncTick
                0x081005d8       0x28 ./Drivers/STM32H7xx_HAL_Driver/stm32h7xx_hal.o
                0x081005d8                HAL_IncTick
 .text.HAL_GetTick
                0x08100600       0x18 ./Drivers/STM32H7xx_HAL_Driver/stm32h7xx_hal.o
                0x08100600                HAL_GetTick
 .text.HAL_Delay
                0x08100618       0x48 ./Drivers/STM32H7xx_HAL_Driver/stm32h7xx_hal.o
                0x08100618                HAL_Delay
 .text.__NVIC_SetPriorityGrouping
                0x08100660       0x48 ./Drivers/STM32H7xx_HAL_Driver/stm32h7xx_hal_cortex.o
 .text.__NVIC_GetPriorityGrouping
                0x081006a8       0x1c ./Drivers/STM32H7xx_HAL_Driver/stm32h7xx_hal_cortex.o
 .text.__NVIC_SetPriority
                0x081006c4       0x54 ./Drivers/STM32H7xx_HAL_Driver/stm32h7xx_hal_cortex.o
 .text.NVIC_EncodePriority
                0x08100718       0x66 ./Drivers/STM32H7xx_HAL_Driver/stm32h7xx_hal_cortex.o
 *fill*         0x0810077e        0x2 
 .text.SysTick_Config
                0x08100780       0x44 ./Drivers/STM32H7xx_HAL_Driver/stm32h7xx_hal_cortex.o
 .text.HAL_NVIC_SetPriorityGrouping
                0x081007c4       0x16 ./Drivers/STM32H7xx_HAL_Driver/stm32h7xx_hal_cortex.o
                0x081007c4                HAL_NVIC_SetPriorityGrouping
 .text.HAL_NVIC_SetPriority
                0x081007da       0x34 ./Drivers/STM32H7xx_HAL_Driver/stm32h7xx_hal_cortex.o
                0x081007da                HAL_NVIC_SetPriority
 .text.HAL_SYSTICK_Config
                0x0810080e       0x18 ./Drivers/STM32H7xx_HAL_Driver/stm32h7xx_hal_cortex.o
                0x0810080e                HAL_SYSTICK_Config
 *fill*         0x08100826        0x2 
 .text.HAL_GetCurrentCPUID
                0x08100828       0x24 ./Drivers/STM32H7xx_HAL_Driver/stm32h7xx_hal_cortex.o
                0x08100828                HAL_GetCurrentCPUID
 .text.HAL_GPIO_TogglePin
                0x0810084c       0x34 ./Drivers/STM32H7xx_HAL_Driver/stm32h7xx_hal_gpio.o
                0x0810084c                HAL_GPIO_TogglePin
 .text.HAL_HSEM_ActivateNotification
                0x08100880       0x24 ./Drivers/STM32H7xx_HAL_Driver/stm32h7xx_hal_hsem.o
                0x08100880                HAL_HSEM_ActivateNotification
 .text.HAL_PWREx_EnterSTOPMode
                0x081008a4       0xf4 ./Drivers/STM32H7xx_HAL_Driver/stm32h7xx_hal_pwr_ex.o
                0x081008a4                HAL_PWREx_EnterSTOPMode
 .text.HAL_PWREx_ClearPendingEvent
                0x08100998       0x1a ./Drivers/STM32H7xx_HAL_Driver/stm32h7xx_hal_pwr_ex.o
                0x08100998                HAL_PWREx_ClearPendingEvent
 *fill*         0x081009b2        0x2 
 .text.HAL_RCC_GetSysClockFreq
                0x081009b4      0x2f4 ./Drivers/STM32H7xx_HAL_Driver/stm32h7xx_hal_rcc.o
                0x081009b4                HAL_RCC_GetSysClockFreq
 .text.__libc_init_array
                0x08100ca8       0x48 C:/ST/STM32CubeIDE_1.18.0/STM32CubeIDE/plugins/com.st.stm32cube.ide.mcu.externaltools.gnu-tools-for-stm32.13.3.rel1.win32_1.0.0.202411081344/tools/bin/../lib/gcc/arm-none-eabi/13.3.1/../../../../arm-none-eabi/lib/thumb/v7e-m+fp/hard\libc_nano.a(libc_a-init.o)
                0x08100ca8                __libc_init_array
 *(.glue_7)
 .glue_7        0x08100cf0        0x0 linker stubs
 *(.glue_7t)
 .glue_7t       0x08100cf0        0x0 linker stubs
 *(.eh_frame)
 .eh_frame      0x08100cf0        0x0 C:/ST/STM32CubeIDE_1.18.0/STM32CubeIDE/plugins/com.st.stm32cube.ide.mcu.externaltools.gnu-tools-for-stm32.13.3.rel1.win32_1.0.0.202411081344/tools/bin/../lib/gcc/arm-none-eabi/13.3.1/thumb/v7e-m+fp/hard/crtbegin.o
 *(.init)
 .init          0x08100cf0        0x4 C:/ST/STM32CubeIDE_1.18.0/STM32CubeIDE/plugins/com.st.stm32cube.ide.mcu.externaltools.gnu-tools-for-stm32.13.3.rel1.win32_1.0.0.202411081344/tools/bin/../lib/gcc/arm-none-eabi/13.3.1/thumb/v7e-m+fp/hard/crti.o
                0x08100cf0                _init
 .init          0x08100cf4        0x8 C:/ST/STM32CubeIDE_1.18.0/STM32CubeIDE/plugins/com.st.stm32cube.ide.mcu.externaltools.gnu-tools-for-stm32.13.3.rel1.win32_1.0.0.202411081344/tools/bin/../lib/gcc/arm-none-eabi/13.3.1/thumb/v7e-m+fp/hard/crtn.o
 *(.fini)
 .fini          0x08100cfc        0x4 C:/ST/STM32CubeIDE_1.18.0/STM32CubeIDE/plugins/com.st.stm32cube.ide.mcu.externaltools.gnu-tools-for-stm32.13.3.rel1.win32_1.0.0.202411081344/tools/bin/../lib/gcc/arm-none-eabi/13.3.1/thumb/v7e-m+fp/hard/crti.o
                0x08100cfc                _fini
 .fini          0x08100d00        0x8 C:/ST/STM32CubeIDE_1.18.0/STM32CubeIDE/plugins/com.st.stm32cube.ide.mcu.externaltools.gnu-tools-for-stm32.13.3.rel1.win32_1.0.0.202411081344/tools/bin/../lib/gcc/arm-none-eabi/13.3.1/thumb/v7e-m+fp/hard/crtn.o
                0x08100d08                        . = ALIGN (0x4)
                0x08100d08                        _etext = .

.vfp11_veneer   0x08100d08        0x0
 .vfp11_veneer  0x08100d08        0x0 linker stubs

.v4_bx          0x08100d08        0x0
 .v4_bx         0x08100d08        0x0 linker stubs

.iplt           0x08100d08        0x0
 .iplt          0x08100d08        0x0 C:/ST/STM32CubeIDE_1.18.0/STM32CubeIDE/plugins/com.st.stm32cube.ide.mcu.externaltools.gnu-tools-for-stm32.13.3.rel1.win32_1.0.0.202411081344/tools/bin/../lib/gcc/arm-none-eabi/13.3.1/thumb/v7e-m+fp/hard/crtbegin.o

.rodata         0x08100d08       0x10
                0x08100d08                        . = ALIGN (0x4)
 *(.rodata)
 *(.rodata*)
 .rodata.D1CorePrescTable
                0x08100d08       0x10 ./Drivers/CMSIS/system_stm32h7xx_dualcore_boot_cm4_cm7.o
                0x08100d08                D1CorePrescTable
                0x08100d18                        . = ALIGN (0x4)

.ARM.extab
 *(.ARM.extab* .gnu.linkonce.armextab.*)

.ARM            0x08100d18        0x0
                0x08100d18                        __exidx_start = .
 *(.ARM.exidx*)
                0x08100d18                        __exidx_end = .

.preinit_array  0x08100d18        0x0
                0x08100d18                        PROVIDE (__preinit_array_start = .)
 *(.preinit_array*)
                0x08100d18                        PROVIDE (__preinit_array_end = .)

.init_array     0x08100d18        0x4
                0x08100d18                        PROVIDE (__init_array_start = .)
 *(SORT_BY_NAME(.init_array.*))
 *(.init_array*)
 .init_array    0x08100d18        0x4 C:/ST/STM32CubeIDE_1.18.0/STM32CubeIDE/plugins/com.st.stm32cube.ide.mcu.externaltools.gnu-tools-for-stm32.13.3.rel1.win32_1.0.0.202411081344/tools/bin/../lib/gcc/arm-none-eabi/13.3.1/thumb/v7e-m+fp/hard/crtbegin.o
                0x08100d1c                        PROVIDE (__init_array_end = .)

.fini_array     0x08100d1c        0x4
                [!provide]                        PROVIDE (__fini_array_start = .)
 *(SORT_BY_NAME(.fini_array.*))
 *(.fini_array*)
 .fini_array    0x08100d1c        0x4 C:/ST/STM32CubeIDE_1.18.0/STM32CubeIDE/plugins/com.st.stm32cube.ide.mcu.externaltools.gnu-tools-for-stm32.13.3.rel1.win32_1.0.0.202411081344/tools/bin/../lib/gcc/arm-none-eabi/13.3.1/thumb/v7e-m+fp/hard/crtbegin.o
                [!provide]                        PROVIDE (__fini_array_end = .)
                0x08100d20                        _sidata = LOADADDR (.data)

.rel.dyn        0x08100d20        0x0
 .rel.iplt      0x08100d20        0x0 C:/ST/STM32CubeIDE_1.18.0/STM32CubeIDE/plugins/com.st.stm32cube.ide.mcu.externaltools.gnu-tools-for-stm32.13.3.rel1.win32_1.0.0.202411081344/tools/bin/../lib/gcc/arm-none-eabi/13.3.1/thumb/v7e-m+fp/hard/crtbegin.o

.data           0x10000000       0x10 load address 0x08100d20
                0x10000000                        . = ALIGN (0x4)
                0x10000000                        _sdata = .
 *(.data)
 *(.data*)
 .data.SystemCoreClock
                0x10000000        0x4 ./Drivers/CMSIS/system_stm32h7xx_dualcore_boot_cm4_cm7.o
                0x10000000                SystemCoreClock
 .data.SystemD2Clock
                0x10000004        0x4 ./Drivers/CMSIS/system_stm32h7xx_dualcore_boot_cm4_cm7.o
                0x10000004                SystemD2Clock
 .data.uwTickPrio
                0x10000008        0x4 ./Drivers/STM32H7xx_HAL_Driver/stm32h7xx_hal.o
                0x10000008                uwTickPrio
 .data.uwTickFreq
                0x1000000c        0x1 ./Drivers/STM32H7xx_HAL_Driver/stm32h7xx_hal.o
                0x1000000c                uwTickFreq
 *(.RamFunc)
 *(.RamFunc*)
                0x10000010                        . = ALIGN (0x4)
 *fill*         0x1000000d        0x3 
                0x10000010                        _edata = .

.igot.plt       0x10000010        0x0 load address 0x08100d30
 .igot.plt      0x10000010        0x0 C:/ST/STM32CubeIDE_1.18.0/STM32CubeIDE/plugins/com.st.stm32cube.ide.mcu.externaltools.gnu-tools-for-stm32.13.3.rel1.win32_1.0.0.202411081344/tools/bin/../lib/gcc/arm-none-eabi/13.3.1/thumb/v7e-m+fp/hard/crtbegin.o
                0x10000010                        . = ALIGN (0x4)

.bss            0x10000010       0x20 load address 0x08100d30
                0x10000010                        _sbss = .
                0x10000010                        __bss_start__ = _sbss
 *(.bss)
 .bss           0x10000010       0x1c C:/ST/STM32CubeIDE_1.18.0/STM32CubeIDE/plugins/com.st.stm32cube.ide.mcu.externaltools.gnu-tools-for-stm32.13.3.rel1.win32_1.0.0.202411081344/tools/bin/../lib/gcc/arm-none-eabi/13.3.1/thumb/v7e-m+fp/hard/crtbegin.o
 *(.bss*)
 .bss.uwTick    0x1000002c        0x4 ./Drivers/STM32H7xx_HAL_Driver/stm32h7xx_hal.o
                0x1000002c                uwTick
 *(COMMON)
                0x10000030                        . = ALIGN (0x4)
                0x10000030                        _ebss = .
                0x10000030                        __bss_end__ = _ebss

._user_heap_stack
                0x10000030      0x600 load address 0x08100d30
                0x10000030                        . = ALIGN (0x8)
                [!provide]                        PROVIDE (end = .)
                0x10000030                        PROVIDE (_end = .)
                0x10000230                        . = (. + _Min_Heap_Size)
 *fill*         0x10000030      0x200 
                0x10000630                        . = (. + _Min_Stack_Size)
 *fill*         0x10000230      0x400 
                0x10000630                        . = ALIGN (0x8)

/DISCARD/
 libc.a(*)
 libm.a(*)
 libgcc.a(*)

.ARM.attributes
                0x00000000       0x30
 *(.ARM.attributes)
 .ARM.attributes
                0x00000000       0x22 C:/ST/STM32CubeIDE_1.18.0/STM32CubeIDE/plugins/com.st.stm32cube.ide.mcu.externaltools.gnu-tools-for-stm32.13.3.rel1.win32_1.0.0.202411081344/tools/bin/../lib/gcc/arm-none-eabi/13.3.1/thumb/v7e-m+fp/hard/crti.o
 .ARM.attributes
                0x00000022       0x34 C:/ST/STM32CubeIDE_1.18.0/STM32CubeIDE/plugins/com.st.stm32cube.ide.mcu.externaltools.gnu-tools-for-stm32.13.3.rel1.win32_1.0.0.202411081344/tools/bin/../lib/gcc/arm-none-eabi/13.3.1/thumb/v7e-m+fp/hard/crtbegin.o
 .ARM.attributes
                0x00000056       0x34 ./Application/User/Core/main.o
 .ARM.attributes
                0x0000008a       0x34 ./Application/User/Core/stm32h7xx_hal_msp.o
 .ARM.attributes
                0x000000be       0x34 ./Application/User/Core/stm32h7xx_it.o
 .ARM.attributes
                0x000000f2       0x21 ./Application/User/Startup/startup_stm32h755zitx.o
 .ARM.attributes
                0x00000113       0x34 ./Drivers/CMSIS/system_stm32h7xx_dualcore_boot_cm4_cm7.o
 .ARM.attributes
                0x00000147       0x34 ./Drivers/STM32H7xx_HAL_Driver/stm32h7xx_hal.o
 .ARM.attributes
                0x0000017b       0x34 ./Drivers/STM32H7xx_HAL_Driver/stm32h7xx_hal_cortex.o
 .ARM.attributes
                0x000001af       0x34 ./Drivers/STM32H7xx_HAL_Driver/stm32h7xx_hal_gpio.o
 .ARM.attributes
                0x000001e3       0x34 ./Drivers/STM32H7xx_HAL_Driver/stm32h7xx_hal_hsem.o
 .ARM.attributes
                0x00000217       0x34 ./Drivers/STM32H7xx_HAL_Driver/stm32h7xx_hal_pwr_ex.o
 .ARM.attributes
                0x0000024b       0x34 ./Drivers/STM32H7xx_HAL_Driver/stm32h7xx_hal_rcc.o
 .ARM.attributes
                0x0000027f       0x34 C:/ST/STM32CubeIDE_1.18.0/STM32CubeIDE/plugins/com.st.stm32cube.ide.mcu.externaltools.gnu-tools-for-stm32.13.3.rel1.win32_1.0.0.202411081344/tools/bin/../lib/gcc/arm-none-eabi/13.3.1/../../../../arm-none-eabi/lib/thumb/v7e-m+fp/hard\libc_nano.a(libc_a-init.o)
 .ARM.attributes
                0x000002b3       0x22 C:/ST/STM32CubeIDE_1.18.0/STM32CubeIDE/plugins/com.st.stm32cube.ide.mcu.externaltools.gnu-tools-for-stm32.13.3.rel1.win32_1.0.0.202411081344/tools/bin/../lib/gcc/arm-none-eabi/13.3.1/thumb/v7e-m+fp/hard/crtn.o
OUTPUT(LEDToggle_H755_CM4.elf elf32-littlearm)
LOAD linker stubs
LOAD C:/ST/STM32CubeIDE_1.18.0/STM32CubeIDE/plugins/com.st.stm32cube.ide.mcu.externaltools.gnu-tools-for-stm32.13.3.rel1.win32_1.0.0.202411081344/tools/bin/../lib/gcc/arm-none-eabi/13.3.1/../../../../arm-none-eabi/lib/thumb/v7e-m+fp/hard\libc.a
LOAD C:/ST/STM32CubeIDE_1.18.0/STM32CubeIDE/plugins/com.st.stm32cube.ide.mcu.externaltools.gnu-tools-for-stm32.13.3.rel1.win32_1.0.0.202411081344/tools/bin/../lib/gcc/arm-none-eabi/13.3.1/../../../../arm-none-eabi/lib/thumb/v7e-m+fp/hard\libm.a
LOAD C:/ST/STM32CubeIDE_1.18.0/STM32CubeIDE/plugins/com.st.stm32cube.ide.mcu.externaltools.gnu-tools-for-stm32.13.3.rel1.win32_1.0.0.202411081344/tools/bin/../lib/gcc/arm-none-eabi/13.3.1/thumb/v7e-m+fp/hard\libgcc.a

.debug_info     0x00000000     0x6d2f
 .debug_info    0x00000000      0x8f8 ./Application/User/Core/main.o
 .debug_info    0x000008f8      0x464 ./Application/User/Core/stm32h7xx_hal_msp.o
 .debug_info    0x00000d5c      0x128 ./Application/User/Core/stm32h7xx_it.o
 .debug_info    0x00000e84       0x30 ./Application/User/Startup/startup_stm32h755zitx.o
 .debug_info    0x00000eb4      0x823 ./Drivers/CMSIS/system_stm32h7xx_dualcore_boot_cm4_cm7.o
 .debug_info    0x000016d7     0x17b6 ./Drivers/STM32H7xx_HAL_Driver/stm32h7xx_hal.o
 .debug_info    0x00002e8d      0xf32 ./Drivers/STM32H7xx_HAL_Driver/stm32h7xx_hal_cortex.o
 .debug_info    0x00003dbf      0xd06 ./Drivers/STM32H7xx_HAL_Driver/stm32h7xx_hal_gpio.o
 .debug_info    0x00004ac5      0x3d3 ./Drivers/STM32H7xx_HAL_Driver/stm32h7xx_hal_hsem.o
 .debug_info    0x00004e98     0x1030 ./Drivers/STM32H7xx_HAL_Driver/stm32h7xx_hal_pwr_ex.o
 .debug_info    0x00005ec8      0xe67 ./Drivers/STM32H7xx_HAL_Driver/stm32h7xx_hal_rcc.o

.debug_abbrev   0x00000000     0x13d4
 .debug_abbrev  0x00000000      0x1c4 ./Application/User/Core/main.o
 .debug_abbrev  0x000001c4       0xdb ./Application/User/Core/stm32h7xx_hal_msp.o
 .debug_abbrev  0x0000029f       0x73 ./Application/User/Core/stm32h7xx_it.o
 .debug_abbrev  0x00000312       0x24 ./Application/User/Startup/startup_stm32h755zitx.o
 .debug_abbrev  0x00000336      0x152 ./Drivers/CMSIS/system_stm32h7xx_dualcore_boot_cm4_cm7.o
 .debug_abbrev  0x00000488      0x29f ./Drivers/STM32H7xx_HAL_Driver/stm32h7xx_hal.o
 .debug_abbrev  0x00000727      0x337 ./Drivers/STM32H7xx_HAL_Driver/stm32h7xx_hal_cortex.o
 .debug_abbrev  0x00000a5e      0x205 ./Drivers/STM32H7xx_HAL_Driver/stm32h7xx_hal_gpio.o
 .debug_abbrev  0x00000c63      0x1d3 ./Drivers/STM32H7xx_HAL_Driver/stm32h7xx_hal_hsem.o
 .debug_abbrev  0x00000e36      0x2d6 ./Drivers/STM32H7xx_HAL_Driver/stm32h7xx_hal_pwr_ex.o
 .debug_abbrev  0x0000110c      0x2c8 ./Drivers/STM32H7xx_HAL_Driver/stm32h7xx_hal_rcc.o

.debug_aranges  0x00000000      0x6f0
 .debug_aranges
                0x00000000       0x28 ./Application/User/Core/main.o
 .debug_aranges
                0x00000028       0x20 ./Application/User/Core/stm32h7xx_hal_msp.o
 .debug_aranges
                0x00000048       0x60 ./Application/User/Core/stm32h7xx_it.o
 .debug_aranges
                0x000000a8       0x28 ./Application/User/Startup/startup_stm32h755zitx.o
 .debug_aranges
                0x000000d0       0x30 ./Drivers/CMSIS/system_stm32h7xx_dualcore_boot_cm4_cm7.o
 .debug_aranges
                0x00000100      0x200 ./Drivers/STM32H7xx_HAL_Driver/stm32h7xx_hal.o
 .debug_aranges
                0x00000300      0x130 ./Drivers/STM32H7xx_HAL_Driver/stm32h7xx_hal_cortex.o
 .debug_aranges
                0x00000430       0x58 ./Drivers/STM32H7xx_HAL_Driver/stm32h7xx_hal_gpio.o
 .debug_aranges
                0x00000488       0x70 ./Drivers/STM32H7xx_HAL_Driver/stm32h7xx_hal_hsem.o
 .debug_aranges
                0x000004f8      0x170 ./Drivers/STM32H7xx_HAL_Driver/stm32h7xx_hal_pwr_ex.o
 .debug_aranges
                0x00000668       0x88 ./Drivers/STM32H7xx_HAL_Driver/stm32h7xx_hal_rcc.o

.debug_rnglists
                0x00000000      0x517
 .debug_rnglists
                0x00000000       0x1a ./Application/User/Core/main.o
 .debug_rnglists
                0x0000001a       0x13 ./Application/User/Core/stm32h7xx_hal_msp.o
 .debug_rnglists
                0x0000002d       0x43 ./Application/User/Core/stm32h7xx_it.o
 .debug_rnglists
                0x00000070       0x19 ./Application/User/Startup/startup_stm32h755zitx.o
 .debug_rnglists
                0x00000089       0x20 ./Drivers/CMSIS/system_stm32h7xx_dualcore_boot_cm4_cm7.o
 .debug_rnglists
                0x000000a9      0x181 ./Drivers/STM32H7xx_HAL_Driver/stm32h7xx_hal.o
 .debug_rnglists
                0x0000022a       0xe0 ./Drivers/STM32H7xx_HAL_Driver/stm32h7xx_hal_cortex.o
 .debug_rnglists
                0x0000030a       0x3f ./Drivers/STM32H7xx_HAL_Driver/stm32h7xx_hal_gpio.o
 .debug_rnglists
                0x00000349       0x4f ./Drivers/STM32H7xx_HAL_Driver/stm32h7xx_hal_hsem.o
 .debug_rnglists
                0x00000398      0x117 ./Drivers/STM32H7xx_HAL_Driver/stm32h7xx_hal_pwr_ex.o
 .debug_rnglists
                0x000004af       0x68 ./Drivers/STM32H7xx_HAL_Driver/stm32h7xx_hal_rcc.o

.debug_macro    0x00000000    0x38a3b
 .debug_macro   0x00000000      0x2fb ./Application/User/Core/main.o
 .debug_macro   0x000002fb      0xaea ./Application/User/Core/main.o
 .debug_macro   0x00000de5      0x232 ./Application/User/Core/main.o
 .debug_macro   0x00001017       0x2e ./Application/User/Core/main.o
 .debug_macro   0x00001045       0x3b ./Application/User/Core/main.o
 .debug_macro   0x00001080       0x22 ./Application/User/Core/main.o
 .debug_macro   0x000010a2       0x8e ./Application/User/Core/main.o
 .debug_macro   0x00001130       0x51 ./Application/User/Core/main.o
 .debug_macro   0x00001181      0x103 ./Application/User/Core/main.o
 .debug_macro   0x00001284       0x6a ./Application/User/Core/main.o
 .debug_macro   0x000012ee      0x1df ./Application/User/Core/main.o
 .debug_macro   0x000014cd       0x1c ./Application/User/Core/main.o
 .debug_macro   0x000014e9       0x22 ./Application/User/Core/main.o
 .debug_macro   0x0000150b       0xfb ./Application/User/Core/main.o
 .debug_macro   0x00001606     0x1011 ./Application/User/Core/main.o
 .debug_macro   0x00002617      0x11f ./Application/User/Core/main.o
 .debug_macro   0x00002736    0x27697 ./Application/User/Core/main.o
 .debug_macro   0x00029dcd       0x6d ./Application/User/Core/main.o
 .debug_macro   0x00029e3a     0x3d79 ./Application/User/Core/main.o
 .debug_macro   0x0002dbb3      0x190 ./Application/User/Core/main.o
 .debug_macro   0x0002dd43       0x61 ./Application/User/Core/main.o
 .debug_macro   0x0002dda4       0x2a ./Application/User/Core/main.o
 .debug_macro   0x0002ddce       0x43 ./Application/User/Core/main.o
 .debug_macro   0x0002de11       0x34 ./Application/User/Core/main.o
 .debug_macro   0x0002de45      0x370 ./Application/User/Core/main.o
 .debug_macro   0x0002e1b5       0x16 ./Application/User/Core/main.o
 .debug_macro   0x0002e1cb       0x4a ./Application/User/Core/main.o
 .debug_macro   0x0002e215       0x34 ./Application/User/Core/main.o
 .debug_macro   0x0002e249       0x10 ./Application/User/Core/main.o
 .debug_macro   0x0002e259       0x58 ./Application/User/Core/main.o
 .debug_macro   0x0002e2b1       0x8e ./Application/User/Core/main.o
 .debug_macro   0x0002e33f       0x1c ./Application/User/Core/main.o
 .debug_macro   0x0002e35b      0x185 ./Application/User/Core/main.o
 .debug_macro   0x0002e4e0      0x19b ./Application/User/Core/main.o
 .debug_macro   0x0002e67b       0x5d ./Application/User/Core/main.o
 .debug_macro   0x0002e6d8     0x3b99 ./Application/User/Core/main.o
 .debug_macro   0x00032271     0x1072 ./Application/User/Core/main.o
 .debug_macro   0x000332e3      0x154 ./Application/User/Core/main.o
 .debug_macro   0x00033437      0x130 ./Application/User/Core/main.o
 .debug_macro   0x00033567      0x3c2 ./Application/User/Core/main.o
 .debug_macro   0x00033929       0xac ./Application/User/Core/main.o
 .debug_macro   0x000339d5      0x72d ./Application/User/Core/main.o
 .debug_macro   0x00034102      0x228 ./Application/User/Core/main.o
 .debug_macro   0x0003432a       0x66 ./Application/User/Core/main.o
 .debug_macro   0x00034390      0x3bb ./Application/User/Core/main.o
 .debug_macro   0x0003474b      0x407 ./Application/User/Core/main.o
 .debug_macro   0x00034b52      0x244 ./Application/User/Core/main.o
 .debug_macro   0x00034d96      0x3ca ./Application/User/Core/main.o
 .debug_macro   0x00035160      0x4a2 ./Application/User/Core/main.o
 .debug_macro   0x00035602       0x51 ./Application/User/Core/main.o
 .debug_macro   0x00035653       0x4a ./Application/User/Core/main.o
 .debug_macro   0x0003569d      0x22c ./Application/User/Core/main.o
 .debug_macro   0x000358c9       0x67 ./Application/User/Core/main.o
 .debug_macro   0x00035930       0xa5 ./Application/User/Core/main.o
 .debug_macro   0x000359d5      0x218 ./Application/User/Core/main.o
 .debug_macro   0x00035bed      0x2ea ./Application/User/Core/main.o
 .debug_macro   0x00035ed7       0x35 ./Application/User/Core/main.o
 .debug_macro   0x00035f0c      0x693 ./Application/User/Core/main.o
 .debug_macro   0x0003659f       0xa6 ./Application/User/Core/main.o
 .debug_macro   0x00036645      0x7a4 ./Application/User/Core/main.o
 .debug_macro   0x00036de9       0x2e ./Application/User/Core/main.o
 .debug_macro   0x00036e17       0x52 ./Application/User/Core/main.o
 .debug_macro   0x00036e69      0x137 ./Application/User/Core/main.o
 .debug_macro   0x00036fa0       0x1c ./Application/User/Core/main.o
 .debug_macro   0x00036fbc       0x3c ./Application/User/Core/main.o
 .debug_macro   0x00036ff8       0x10 ./Application/User/Core/main.o
 .debug_macro   0x00037008       0x1c ./Application/User/Core/main.o
 .debug_macro   0x00037024       0x16 ./Application/User/Core/main.o
 .debug_macro   0x0003703a      0x146 ./Application/User/Core/main.o
 .debug_macro   0x00037180      0x2f5 ./Application/User/Core/stm32h7xx_hal_msp.o
 .debug_macro   0x00037475      0x2ff ./Application/User/Core/stm32h7xx_it.o
 .debug_macro   0x00037774      0x296 ./Drivers/CMSIS/system_stm32h7xx_dualcore_boot_cm4_cm7.o
 .debug_macro   0x00037a0a      0x2c0 ./Drivers/STM32H7xx_HAL_Driver/stm32h7xx_hal.o
 .debug_macro   0x00037cca      0x296 ./Drivers/STM32H7xx_HAL_Driver/stm32h7xx_hal_cortex.o
 .debug_macro   0x00037f60      0x2aa ./Drivers/STM32H7xx_HAL_Driver/stm32h7xx_hal_gpio.o
 .debug_macro   0x0003820a      0x2a8 ./Drivers/STM32H7xx_HAL_Driver/stm32h7xx_hal_hsem.o
 .debug_macro   0x000384b2      0x2cf ./Drivers/STM32H7xx_HAL_Driver/stm32h7xx_hal_pwr_ex.o
 .debug_macro   0x00038781      0x2ba ./Drivers/STM32H7xx_HAL_Driver/stm32h7xx_hal_rcc.o

.debug_line     0x00000000     0x8618
 .debug_line    0x00000000      0x9be ./Application/User/Core/main.o
 .debug_line    0x000009be      0x988 ./Application/User/Core/stm32h7xx_hal_msp.o
 .debug_line    0x00001346      0xa38 ./Application/User/Core/stm32h7xx_it.o
 .debug_line    0x00001d7e       0x7b ./Application/User/Startup/startup_stm32h755zitx.o
 .debug_line    0x00001df9      0xa7e ./Drivers/CMSIS/system_stm32h7xx_dualcore_boot_cm4_cm7.o
 .debug_line    0x00002877     0x102a ./Drivers/STM32H7xx_HAL_Driver/stm32h7xx_hal.o
 .debug_line    0x000038a1      0xebe ./Drivers/STM32H7xx_HAL_Driver/stm32h7xx_hal_cortex.o
 .debug_line    0x0000475f      0xd53 ./Drivers/STM32H7xx_HAL_Driver/stm32h7xx_hal_gpio.o
 .debug_line    0x000054b2      0xa66 ./Drivers/STM32H7xx_HAL_Driver/stm32h7xx_hal_hsem.o
 .debug_line    0x00005f18     0x1191 ./Drivers/STM32H7xx_HAL_Driver/stm32h7xx_hal_pwr_ex.o
 .debug_line    0x000070a9     0x156f ./Drivers/STM32H7xx_HAL_Driver/stm32h7xx_hal_rcc.o

.debug_str      0x00000000   0x1788d1
 .debug_str     0x00000000   0x1788d1 ./Application/User/Core/main.o
                             0x1764aa (size before relaxing)
 .debug_str     0x001788d1   0x1762e0 ./Application/User/Core/stm32h7xx_hal_msp.o
 .debug_str     0x001788d1   0x17613f ./Application/User/Core/stm32h7xx_it.o
 .debug_str     0x001788d1       0x8f ./Application/User/Startup/startup_stm32h755zitx.o
 .debug_str     0x001788d1   0x175569 ./Drivers/CMSIS/system_stm32h7xx_dualcore_boot_cm4_cm7.o
 .debug_str     0x001788d1   0x176899 ./Drivers/STM32H7xx_HAL_Driver/stm32h7xx_hal.o
 .debug_str     0x001788d1   0x17601f ./Drivers/STM32H7xx_HAL_Driver/stm32h7xx_hal_cortex.o
 .debug_str     0x001788d1   0x175778 ./Drivers/STM32H7xx_HAL_Driver/stm32h7xx_hal_gpio.o
 .debug_str     0x001788d1   0x175403 ./Drivers/STM32H7xx_HAL_Driver/stm32h7xx_hal_hsem.o
 .debug_str     0x001788d1   0x175bce ./Drivers/STM32H7xx_HAL_Driver/stm32h7xx_hal_pwr_ex.o
 .debug_str     0x001788d1   0x175af9 ./Drivers/STM32H7xx_HAL_Driver/stm32h7xx_hal_rcc.o

.comment        0x00000000       0x43
 .comment       0x00000000       0x43 ./Application/User/Core/main.o
                                 0x44 (size before relaxing)
 .comment       0x00000043       0x44 ./Application/User/Core/stm32h7xx_hal_msp.o
 .comment       0x00000043       0x44 ./Application/User/Core/stm32h7xx_it.o
 .comment       0x00000043       0x44 ./Drivers/CMSIS/system_stm32h7xx_dualcore_boot_cm4_cm7.o
 .comment       0x00000043       0x44 ./Drivers/STM32H7xx_HAL_Driver/stm32h7xx_hal.o
 .comment       0x00000043       0x44 ./Drivers/STM32H7xx_HAL_Driver/stm32h7xx_hal_cortex.o
 .comment       0x00000043       0x44 ./Drivers/STM32H7xx_HAL_Driver/stm32h7xx_hal_gpio.o
 .comment       0x00000043       0x44 ./Drivers/STM32H7xx_HAL_Driver/stm32h7xx_hal_hsem.o
 .comment       0x00000043       0x44 ./Drivers/STM32H7xx_HAL_Driver/stm32h7xx_hal_pwr_ex.o
 .comment       0x00000043       0x44 ./Drivers/STM32H7xx_HAL_Driver/stm32h7xx_hal_rcc.o

.debug_frame    0x00000000     0x1a64
 .debug_frame   0x00000000       0x48 ./Application/User/Core/main.o
 .debug_frame   0x00000048       0x38 ./Application/User/Core/stm32h7xx_hal_msp.o
 .debug_frame   0x00000080      0x104 ./Application/User/Core/stm32h7xx_it.o
 .debug_frame   0x00000184       0x78 ./Drivers/CMSIS/system_stm32h7xx_dualcore_boot_cm4_cm7.o
 .debug_frame   0x000001fc      0x848 ./Drivers/STM32H7xx_HAL_Driver/stm32h7xx_hal.o
 .debug_frame   0x00000a44      0x508 ./Drivers/STM32H7xx_HAL_Driver/stm32h7xx_hal_cortex.o
 .debug_frame   0x00000f4c      0x14c ./Drivers/STM32H7xx_HAL_Driver/stm32h7xx_hal_gpio.o
 .debug_frame   0x00001098      0x1bc ./Drivers/STM32H7xx_HAL_Driver/stm32h7xx_hal_hsem.o
 .debug_frame   0x00001254      0x5ec ./Drivers/STM32H7xx_HAL_Driver/stm32h7xx_hal_pwr_ex.o
 .debug_frame   0x00001840      0x1f8 ./Drivers/STM32H7xx_HAL_Driver/stm32h7xx_hal_rcc.o
 .debug_frame   0x00001a38       0x2c C:/ST/STM32CubeIDE_1.18.0/STM32CubeIDE/plugins/com.st.stm32cube.ide.mcu.externaltools.gnu-tools-for-stm32.13.3.rel1.win32_1.0.0.202411081344/tools/bin/../lib/gcc/arm-none-eabi/13.3.1/../../../../arm-none-eabi/lib/thumb/v7e-m+fp/hard\libc_nano.a(libc_a-init.o)

.debug_line_str
                0x00000000       0x73
 .debug_line_str
                0x00000000       0x73 ./Application/User/Startup/startup_stm32h755zitx.o
