../Core/Src/main.c:205:16:fast_fn	4	static
../Core/Src/main.c:292:5:main	328	static,ignoring_inline_asm
../Core/Src/main.c:768:6:SystemClock_Config	120	static
../Core/Src/main.c:828:13:MX_ADC3_Init	40	static
../Core/Src/main.c:897:13:MX_USART3_UART_Init	8	static
../Core/Src/main.c:943:13:MX_BDMA_Init	16	static
../Core/Src/main.c:959:13:MX_DMA_Init	16	static
../Core/Src/main.c:977:13:MX_GPIO_Init	48	static
../Core/Src/main.c:1030:5:integer_add	24	static
../Core/Src/main.c:1036:6:sum1	16	static
../Core/Src/main.c:1043:5:_write	24	static
../Core/Src/main.c:1049:6:HAL_UARTEx_RxEventCallback	24	static
../Core/Src/main.c:1099:6:HAL_GPIO_EXTI_Callback	16	static
../Core/Src/main.c:1107:17:HAL_GetTick	4	static
../Core/Src/main.c:1112:6:bubblesort	24	static
../Core/Src/main.c:1130:6:HAL_ADC_ConvCpltCallback	16	static
../Core/Src/main.c:1145:6:Error_Handler	4	static,ignoring_inline_asm
